// Jest Snapshot v1, https://goo.gl/fbAQLP

exports[`when the request to beers info is successful should get beers 1`] = `
Array [
  Object {
    "id": "c4f2KE",
    "image": "https://brewerydb-images.s3.amazonaws.com/beer/c4f2KE/upload_jjKJ7g-medium.png",
    "name": "'Murican Pilsner",
    "organic": false,
    "style": "American Pilsener",
  },
  Object {
    "id": "zTTWa2",
    "image": "https://res.cloudinary.com/teepublic/image/private/s--TsohP-Cw--/t_Resized%20Artwork/c_fit,g_north_west,h_954,w_954/co_191919,e_outline:48/co_191919,e_outline:inner_fill:48/co_ffffff,e_outline:48/co_ffffff,e_outline:inner_fill:48/co_bbbbbb,e_outline:3:1000/c_mpad,g_center,h_1260,w_1260/b_rgb:eeeeee/c_limit,f_auto,h_630,q_90,w_630/v1513360267/production/designs/2182073_1.jpg",
    "name": "11.5Â° PLATO",
    "organic": false,
    "style": "Session IPA",
  },
  Object {
    "id": "zfP2fK",
    "image": "https://brewerydb-images.s3.amazonaws.com/beer/zfP2fK/upload_nSMNjh-medium.png",
    "name": "12th Of Never",
    "organic": false,
    "style": "American Pale",
  },
  Object {
    "id": "xwYSL2",
    "image": "https://res.cloudinary.com/teepublic/image/private/s--TsohP-Cw--/t_Resized%20Artwork/c_fit,g_north_west,h_954,w_954/co_191919,e_outline:48/co_191919,e_outline:inner_fill:48/co_ffffff,e_outline:48/co_ffffff,e_outline:inner_fill:48/co_bbbbbb,e_outline:3:1000/c_mpad,g_center,h_1260,w_1260/b_rgb:eeeeee/c_limit,f_auto,h_630,q_90,w_630/v1513360267/production/designs/2182073_1.jpg",
    "name": "15th Anniversary Ale",
    "organic": false,
    "style": "ESB",
  },
  Object {
    "id": "UJGpVS",
    "image": "https://brewerydb-images.s3.amazonaws.com/beer/UJGpVS/upload_K4w7gB-medium.png",
    "name": "16 So Fine Red Wheat Wine",
    "organic": false,
    "style": "Wheatwine",
  },
  Object {
    "id": "vz5JZ1",
    "image": "https://res.cloudinary.com/teepublic/image/private/s--TsohP-Cw--/t_Resized%20Artwork/c_fit,g_north_west,h_954,w_954/co_191919,e_outline:48/co_191919,e_outline:inner_fill:48/co_ffffff,e_outline:48/co_ffffff,e_outline:inner_fill:48/co_bbbbbb,e_outline:3:1000/c_mpad,g_center,h_1260,w_1260/b_rgb:eeeeee/c_limit,f_auto,h_630,q_90,w_630/v1513360267/production/designs/2182073_1.jpg",
    "name": "1794 The Fergal Project",
    "organic": false,
    "style": "American Stout",
  },
  Object {
    "id": "LcpeBb",
    "image": "https://res.cloudinary.com/teepublic/image/private/s--TsohP-Cw--/t_Resized%20Artwork/c_fit,g_north_west,h_954,w_954/co_191919,e_outline:48/co_191919,e_outline:inner_fill:48/co_ffffff,e_outline:48/co_ffffff,e_outline:inner_fill:48/co_bbbbbb,e_outline:3:1000/c_mpad,g_center,h_1260,w_1260/b_rgb:eeeeee/c_limit,f_auto,h_630,q_90,w_630/v1513360267/production/designs/2182073_1.jpg",
    "name": "17th Saison",
    "organic": false,
    "style": "Saison",
  },
  Object {
    "id": "Yd8G8r",
    "image": "https://brewerydb-images.s3.amazonaws.com/beer/Yd8G8r/upload_tFSifO-medium.png",
    "name": "18th Anniversary Belgian Tripel",
    "organic": false,
    "style": "Belgian Tripel",
  },
  Object {
    "id": "iJ329Y",
    "image": "https://brewerydb-images.s3.amazonaws.com/beer/iJ329Y/upload_LBXagO-medium.png",
    "name": "19 - Golden Belgian Style Ale",
    "organic": false,
    "style": "BBL Aged Strong",
  },
  Object {
    "id": "O78ldO",
    "image": "https://res.cloudinary.com/teepublic/image/private/s--TsohP-Cw--/t_Resized%20Artwork/c_fit,g_north_west,h_954,w_954/co_191919,e_outline:48/co_191919,e_outline:inner_fill:48/co_ffffff,e_outline:48/co_ffffff,e_outline:inner_fill:48/co_bbbbbb,e_outline:3:1000/c_mpad,g_center,h_1260,w_1260/b_rgb:eeeeee/c_limit,f_auto,h_630,q_90,w_630/v1513360267/production/designs/2182073_1.jpg",
    "name": "1904 American Red Lager",
    "organic": false,
    "style": "American Lager",
  },
  Object {
    "id": "qGDeH1",
    "image": "https://brewerydb-images.s3.amazonaws.com/beer/qGDeH1/upload_yrbAAo-medium.png",
    "name": "2 x 4",
    "organic": false,
    "style": "Belgian Ale",
  },
  Object {
    "id": "MgdJep",
    "image": "https://brewerydb-images.s3.amazonaws.com/beer/MgdJep/upload_Z7FPX3-medium.png",
    "name": "200th Anniversary Export Stout",
    "organic": false,
    "style": "Export Stout",
  },
  Object {
    "id": "ISTT06",
    "image": "https://brewerydb-images.s3.amazonaws.com/beer/ISTT06/upload_uNRmiy-medium.png",
    "name": "2017 Beer Camp (2017)",
    "organic": false,
    "style": "American IPA",
  },
  Object {
    "id": "v4KRep",
    "image": "https://res.cloudinary.com/teepublic/image/private/s--TsohP-Cw--/t_Resized%20Artwork/c_fit,g_north_west,h_954,w_954/co_191919,e_outline:48/co_191919,e_outline:inner_fill:48/co_ffffff,e_outline:48/co_ffffff,e_outline:inner_fill:48/co_bbbbbb,e_outline:3:1000/c_mpad,g_center,h_1260,w_1260/b_rgb:eeeeee/c_limit,f_auto,h_630,q_90,w_630/v1513360267/production/designs/2182073_1.jpg",
    "name": "20th Anniversary Imperial Hash IPA on Brett",
    "organic": false,
    "style": "Imperial IPA",
  },
  Object {
    "id": "uIgENV",
    "image": "https://brewerydb-images.s3.amazonaws.com/beer/uIgENV/upload_Y3uGi9-medium.png",
    "name": "20th Street Ale Citra",
    "organic": false,
    "style": undefined,
  },
  Object {
    "id": "WcP2Ww",
    "image": "https://brewerydb-images.s3.amazonaws.com/beer/WcP2Ww/upload_fLddgs-medium.png",
    "name": "20th Street Ale Crystal",
    "organic": false,
    "style": undefined,
  },
  Object {
    "id": "HyxQE4",
    "image": "https://brewerydb-images.s3.amazonaws.com/beer/HyxQE4/upload_ZXeOiC-medium.png",
    "name": "20th Street Ale Magnum",
    "organic": false,
    "style": undefined,
  },
  Object {
    "id": "e9sjBk",
    "image": "https://res.cloudinary.com/teepublic/image/private/s--TsohP-Cw--/t_Resized%20Artwork/c_fit,g_north_west,h_954,w_954/co_191919,e_outline:48/co_191919,e_outline:inner_fill:48/co_ffffff,e_outline:48/co_ffffff,e_outline:inner_fill:48/co_bbbbbb,e_outline:3:1000/c_mpad,g_center,h_1260,w_1260/b_rgb:eeeeee/c_limit,f_auto,h_630,q_90,w_630/v1513360267/production/designs/2182073_1.jpg",
    "name": "21st Anniversary",
    "organic": false,
    "style": "Flanders Red",
  },
  Object {
    "id": "YZXVKq",
    "image": "https://res.cloudinary.com/teepublic/image/private/s--TsohP-Cw--/t_Resized%20Artwork/c_fit,g_north_west,h_954,w_954/co_191919,e_outline:48/co_191919,e_outline:inner_fill:48/co_ffffff,e_outline:48/co_ffffff,e_outline:inner_fill:48/co_bbbbbb,e_outline:3:1000/c_mpad,g_center,h_1260,w_1260/b_rgb:eeeeee/c_limit,f_auto,h_630,q_90,w_630/v1513360267/production/designs/2182073_1.jpg",
    "name": "25th Anniversary",
    "organic": false,
    "style": "American Imperial Porter",
  },
  Object {
    "id": "7z8RTq",
    "image": "https://res.cloudinary.com/teepublic/image/private/s--TsohP-Cw--/t_Resized%20Artwork/c_fit,g_north_west,h_954,w_954/co_191919,e_outline:48/co_191919,e_outline:inner_fill:48/co_ffffff,e_outline:48/co_ffffff,e_outline:inner_fill:48/co_bbbbbb,e_outline:3:1000/c_mpad,g_center,h_1260,w_1260/b_rgb:eeeeee/c_limit,f_auto,h_630,q_90,w_630/v1513360267/production/designs/2182073_1.jpg",
    "name": "3 Weight",
    "organic": false,
    "style": "Session IPA",
  },
  Object {
    "id": "f5CWb6",
    "image": "https://brewerydb-images.s3.amazonaws.com/beer/f5CWb6/upload_PSAyRK-medium.png",
    "name": "30th Anniversary - Charlie, Fred & Ken's Bock",
    "organic": false,
    "style": "Maibock",
  },
  Object {
    "id": "0KEzfx",
    "image": "https://brewerydb-images.s3.amazonaws.com/beer/0KEzfx/upload_9zYMPq-medium.png",
    "name": "30th Anniversary - Fritz and Ken's Ale",
    "organic": false,
    "style": "American Imperial Stout",
  },
  Object {
    "id": "KjumXn",
    "image": "https://res.cloudinary.com/teepublic/image/private/s--TsohP-Cw--/t_Resized%20Artwork/c_fit,g_north_west,h_954,w_954/co_191919,e_outline:48/co_191919,e_outline:inner_fill:48/co_ffffff,e_outline:48/co_ffffff,e_outline:inner_fill:48/co_bbbbbb,e_outline:3:1000/c_mpad,g_center,h_1260,w_1260/b_rgb:eeeeee/c_limit,f_auto,h_630,q_90,w_630/v1513360267/production/designs/2182073_1.jpg",
    "name": "30th Anniversary - Grand Cru",
    "organic": false,
    "style": "Strong Ale",
  },
  Object {
    "id": "8M5lCq",
    "image": "https://brewerydb-images.s3.amazonaws.com/beer/8M5lCq/upload_v5FHDf-medium.png",
    "name": "30th Anniversary - Jack & Ken's Ale",
    "organic": false,
    "style": "American Barleywine",
  },
  Object {
    "id": "ajbd6g",
    "image": "https://brewerydb-images.s3.amazonaws.com/beer/ajbd6g/upload_o0dl64-medium.png",
    "name": "35th Anniversary  - Brewer's Reserve",
    "organic": false,
    "style": "Strong Ale",
  },
  Object {
    "id": "NoNhan",
    "image": "https://brewerydb-images.s3.amazonaws.com/beer/NoNhan/upload_FgWgmB-medium.png",
    "name": "420 Extra Pale Ale",
    "organic": false,
    "style": "American Pale",
  },
  Object {
    "id": "pOUbfg",
    "image": "https://res.cloudinary.com/teepublic/image/private/s--TsohP-Cw--/t_Resized%20Artwork/c_fit,g_north_west,h_954,w_954/co_191919,e_outline:48/co_191919,e_outline:inner_fill:48/co_ffffff,e_outline:48/co_ffffff,e_outline:inner_fill:48/co_bbbbbb,e_outline:3:1000/c_mpad,g_center,h_1260,w_1260/b_rgb:eeeeee/c_limit,f_auto,h_630,q_90,w_630/v1513360267/production/designs/2182073_1.jpg",
    "name": "420 Fest",
    "organic": false,
    "style": "Imperial IPA",
  },
  Object {
    "id": "jIKwgZ",
    "image": "https://brewerydb-images.s3.amazonaws.com/beer/jIKwgZ/upload_fypFIo-medium.png",
    "name": "420 Strain G13 IPA",
    "organic": false,
    "style": "American IPA",
  },
  Object {
    "id": "lWygSS",
    "image": "https://brewerydb-images.s3.amazonaws.com/beer/lWygSS/upload_krkDHm-medium.png",
    "name": "471 Double IPA - Hull Melon",
    "organic": false,
    "style": "Imperial IPA",
  },
  Object {
    "id": "fa0oqf",
    "image": "https://res.cloudinary.com/teepublic/image/private/s--TsohP-Cw--/t_Resized%20Artwork/c_fit,g_north_west,h_954,w_954/co_191919,e_outline:48/co_191919,e_outline:inner_fill:48/co_ffffff,e_outline:48/co_ffffff,e_outline:inner_fill:48/co_bbbbbb,e_outline:3:1000/c_mpad,g_center,h_1260,w_1260/b_rgb:eeeeee/c_limit,f_auto,h_630,q_90,w_630/v1513360267/production/designs/2182073_1.jpg",
    "name": "471 ESB - Extra Special Bitter",
    "organic": false,
    "style": "ESB",
  },
  Object {
    "id": "HZMvCT",
    "image": "https://res.cloudinary.com/teepublic/image/private/s--TsohP-Cw--/t_Resized%20Artwork/c_fit,g_north_west,h_954,w_954/co_191919,e_outline:48/co_191919,e_outline:inner_fill:48/co_ffffff,e_outline:48/co_ffffff,e_outline:inner_fill:48/co_bbbbbb,e_outline:3:1000/c_mpad,g_center,h_1260,w_1260/b_rgb:eeeeee/c_limit,f_auto,h_630,q_90,w_630/v1513360267/production/designs/2182073_1.jpg",
    "name": "471 IPA Barrel Series: Citra",
    "organic": false,
    "style": "Imperial IPA",
  },
  Object {
    "id": "GysKeq",
    "image": "https://res.cloudinary.com/teepublic/image/private/s--TsohP-Cw--/t_Resized%20Artwork/c_fit,g_north_west,h_954,w_954/co_191919,e_outline:48/co_191919,e_outline:inner_fill:48/co_ffffff,e_outline:48/co_ffffff,e_outline:inner_fill:48/co_bbbbbb,e_outline:3:1000/c_mpad,g_center,h_1260,w_1260/b_rgb:eeeeee/c_limit,f_auto,h_630,q_90,w_630/v1513360267/production/designs/2182073_1.jpg",
    "name": "471 IPA Barrel Series: Eureka!",
    "organic": false,
    "style": "Imperial IPA",
  },
  Object {
    "id": "tw2Iw0",
    "image": "https://res.cloudinary.com/teepublic/image/private/s--TsohP-Cw--/t_Resized%20Artwork/c_fit,g_north_west,h_954,w_954/co_191919,e_outline:48/co_191919,e_outline:inner_fill:48/co_ffffff,e_outline:48/co_ffffff,e_outline:inner_fill:48/co_bbbbbb,e_outline:3:1000/c_mpad,g_center,h_1260,w_1260/b_rgb:eeeeee/c_limit,f_auto,h_630,q_90,w_630/v1513360267/production/designs/2182073_1.jpg",
    "name": "471 IPA. Aggressive Hoppiness",
    "organic": false,
    "style": "Imperial IPA",
  },
  Object {
    "id": "GYF0P4",
    "image": "https://res.cloudinary.com/teepublic/image/private/s--TsohP-Cw--/t_Resized%20Artwork/c_fit,g_north_west,h_954,w_954/co_191919,e_outline:48/co_191919,e_outline:inner_fill:48/co_ffffff,e_outline:48/co_ffffff,e_outline:inner_fill:48/co_bbbbbb,e_outline:3:1000/c_mpad,g_center,h_1260,w_1260/b_rgb:eeeeee/c_limit,f_auto,h_630,q_90,w_630/v1513360267/production/designs/2182073_1.jpg",
    "name": "471 Pilsner",
    "organic": false,
    "style": "American Pilsener",
  },
  Object {
    "id": "j9cp5e",
    "image": "https://brewerydb-images.s3.amazonaws.com/beer/j9cp5e/upload_YlBItH-medium.png",
    "name": "471 Small Batch IPA",
    "organic": false,
    "style": "American IPA",
  },
  Object {
    "id": "5MX880",
    "image": "https://res.cloudinary.com/teepublic/image/private/s--TsohP-Cw--/t_Resized%20Artwork/c_fit,g_north_west,h_954,w_954/co_191919,e_outline:48/co_191919,e_outline:inner_fill:48/co_ffffff,e_outline:48/co_ffffff,e_outline:inner_fill:48/co_bbbbbb,e_outline:3:1000/c_mpad,g_center,h_1260,w_1260/b_rgb:eeeeee/c_limit,f_auto,h_630,q_90,w_630/v1513360267/production/designs/2182073_1.jpg",
    "name": "5 C's IPA",
    "organic": false,
    "style": "American IPA",
  },
  Object {
    "id": "uA3MVL",
    "image": "https://res.cloudinary.com/teepublic/image/private/s--TsohP-Cw--/t_Resized%20Artwork/c_fit,g_north_west,h_954,w_954/co_191919,e_outline:48/co_191919,e_outline:inner_fill:48/co_ffffff,e_outline:48/co_ffffff,e_outline:inner_fill:48/co_bbbbbb,e_outline:3:1000/c_mpad,g_center,h_1260,w_1260/b_rgb:eeeeee/c_limit,f_auto,h_630,q_90,w_630/v1513360267/production/designs/2182073_1.jpg",
    "name": "7 Birds",
    "organic": true,
    "style": "American Pilsener",
  },
  Object {
    "id": "Fhw2NF",
    "image": "https://brewerydb-images.s3.amazonaws.com/beer/Fhw2NF/upload_4QscTY-medium.png",
    "name": "7 Cities Pilsner",
    "organic": true,
    "style": "American Pilsener",
  },
  Object {
    "id": "MqTIG4",
    "image": "https://brewerydb-images.s3.amazonaws.com/beer/MqTIG4/upload_0mNn6W-medium.png",
    "name": "72 Imperial",
    "organic": false,
    "style": "Stout",
  },
  Object {
    "id": "wDgaK8",
    "image": "https://res.cloudinary.com/teepublic/image/private/s--TsohP-Cw--/t_Resized%20Artwork/c_fit,g_north_west,h_954,w_954/co_191919,e_outline:48/co_191919,e_outline:inner_fill:48/co_ffffff,e_outline:48/co_ffffff,e_outline:inner_fill:48/co_bbbbbb,e_outline:3:1000/c_mpad,g_center,h_1260,w_1260/b_rgb:eeeeee/c_limit,f_auto,h_630,q_90,w_630/v1513360267/production/designs/2182073_1.jpg",
    "name": "A Beer Named Sue",
    "organic": false,
    "style": "Saison",
  },
  Object {
    "id": "Au0v9G",
    "image": "https://brewerydb-images.s3.amazonaws.com/beer/Au0v9G/upload_K1Zc5E-medium.png",
    "name": "A Little Sumpin' Extra",
    "organic": false,
    "style": "Imperial IPA",
  },
  Object {
    "id": "svXHfu",
    "image": "https://brewerydb-images.s3.amazonaws.com/beer/svXHfu/upload_i4Mwls-medium.png",
    "name": "A Little Sumpin' Sumpin'",
    "organic": false,
    "style": "American Pale",
  },
  Object {
    "id": "hbF6tu",
    "image": "https://brewerydb-images.s3.amazonaws.com/beer/hbF6tu/upload_KtTfDY-medium.png",
    "name": "ABLE Best Britter",
    "organic": false,
    "style": "Special Bitter",
  },
  Object {
    "id": "MTLa3r",
    "image": "https://res.cloudinary.com/teepublic/image/private/s--TsohP-Cw--/t_Resized%20Artwork/c_fit,g_north_west,h_954,w_954/co_191919,e_outline:48/co_191919,e_outline:inner_fill:48/co_ffffff,e_outline:48/co_ffffff,e_outline:inner_fill:48/co_bbbbbb,e_outline:3:1000/c_mpad,g_center,h_1260,w_1260/b_rgb:eeeeee/c_limit,f_auto,h_630,q_90,w_630/v1513360267/production/designs/2182073_1.jpg",
    "name": "Afternooner",
    "organic": false,
    "style": "Belgian Pale",
  },
  Object {
    "id": "6AcqY6",
    "image": "https://brewerydb-images.s3.amazonaws.com/beer/6AcqY6/upload_NDHDT6-medium.png",
    "name": "Agave Wheat",
    "organic": false,
    "style": "Wheat Ale",
  },
  Object {
    "id": "RK9Po6",
    "image": "https://brewerydb-images.s3.amazonaws.com/beer/RK9Po6/upload_wGYxyS-medium.png",
    "name": "Ale 20",
    "organic": false,
    "style": "American Pale",
  },
  Object {
    "id": "yn4ODI",
    "image": "https://res.cloudinary.com/teepublic/image/private/s--TsohP-Cw--/t_Resized%20Artwork/c_fit,g_north_west,h_954,w_954/co_191919,e_outline:48/co_191919,e_outline:inner_fill:48/co_ffffff,e_outline:48/co_ffffff,e_outline:inner_fill:48/co_bbbbbb,e_outline:3:1000/c_mpad,g_center,h_1260,w_1260/b_rgb:eeeeee/c_limit,f_auto,h_630,q_90,w_630/v1513360267/production/designs/2182073_1.jpg",
    "name": "Ale Communication",
    "organic": false,
    "style": "Imperial Red",
  },
  Object {
    "id": "2cLm8B",
    "image": "https://brewerydb-images.s3.amazonaws.com/beer/2cLm8B/upload_r59XGe-medium.png",
    "name": "All Colorado Apricot Wheat",
    "organic": false,
    "style": "Fruit Wheat Ale",
  },
  Object {
    "id": "DbeLZF",
    "image": "https://brewerydb-images.s3.amazonaws.com/beer/DbeLZF/upload_BuoLMV-medium.png",
    "name": "All Colorado Wet Hop Pale Ale",
    "organic": false,
    "style": "American Pale",
  },
  Object {
    "id": "aG4Ie2",
    "image": "https://brewerydb-images.s3.amazonaws.com/beer/aG4Ie2/upload_yX4wkY-medium.png",
    "name": "Alpha Dog Imperial IPA",
    "organic": false,
    "style": "Imperial IPA",
  },
]
`;

exports[`when the request to beers info is successful should get beers for page 2 1`] = `
Array [
  Object {
    "id": "c4f2KE",
    "image": "https://brewerydb-images.s3.amazonaws.com/beer/c4f2KE/upload_jjKJ7g-medium.png",
    "name": "'Murican Pilsner",
    "organic": false,
    "style": "American Pilsener",
  },
  Object {
    "id": "zTTWa2",
    "image": "https://res.cloudinary.com/teepublic/image/private/s--TsohP-Cw--/t_Resized%20Artwork/c_fit,g_north_west,h_954,w_954/co_191919,e_outline:48/co_191919,e_outline:inner_fill:48/co_ffffff,e_outline:48/co_ffffff,e_outline:inner_fill:48/co_bbbbbb,e_outline:3:1000/c_mpad,g_center,h_1260,w_1260/b_rgb:eeeeee/c_limit,f_auto,h_630,q_90,w_630/v1513360267/production/designs/2182073_1.jpg",
    "name": "11.5Â° PLATO",
    "organic": false,
    "style": "Session IPA",
  },
  Object {
    "id": "zfP2fK",
    "image": "https://brewerydb-images.s3.amazonaws.com/beer/zfP2fK/upload_nSMNjh-medium.png",
    "name": "12th Of Never",
    "organic": false,
    "style": "American Pale",
  },
  Object {
    "id": "xwYSL2",
    "image": "https://res.cloudinary.com/teepublic/image/private/s--TsohP-Cw--/t_Resized%20Artwork/c_fit,g_north_west,h_954,w_954/co_191919,e_outline:48/co_191919,e_outline:inner_fill:48/co_ffffff,e_outline:48/co_ffffff,e_outline:inner_fill:48/co_bbbbbb,e_outline:3:1000/c_mpad,g_center,h_1260,w_1260/b_rgb:eeeeee/c_limit,f_auto,h_630,q_90,w_630/v1513360267/production/designs/2182073_1.jpg",
    "name": "15th Anniversary Ale",
    "organic": false,
    "style": "ESB",
  },
  Object {
    "id": "UJGpVS",
    "image": "https://brewerydb-images.s3.amazonaws.com/beer/UJGpVS/upload_K4w7gB-medium.png",
    "name": "16 So Fine Red Wheat Wine",
    "organic": false,
    "style": "Wheatwine",
  },
  Object {
    "id": "vz5JZ1",
    "image": "https://res.cloudinary.com/teepublic/image/private/s--TsohP-Cw--/t_Resized%20Artwork/c_fit,g_north_west,h_954,w_954/co_191919,e_outline:48/co_191919,e_outline:inner_fill:48/co_ffffff,e_outline:48/co_ffffff,e_outline:inner_fill:48/co_bbbbbb,e_outline:3:1000/c_mpad,g_center,h_1260,w_1260/b_rgb:eeeeee/c_limit,f_auto,h_630,q_90,w_630/v1513360267/production/designs/2182073_1.jpg",
    "name": "1794 The Fergal Project",
    "organic": false,
    "style": "American Stout",
  },
  Object {
    "id": "LcpeBb",
    "image": "https://res.cloudinary.com/teepublic/image/private/s--TsohP-Cw--/t_Resized%20Artwork/c_fit,g_north_west,h_954,w_954/co_191919,e_outline:48/co_191919,e_outline:inner_fill:48/co_ffffff,e_outline:48/co_ffffff,e_outline:inner_fill:48/co_bbbbbb,e_outline:3:1000/c_mpad,g_center,h_1260,w_1260/b_rgb:eeeeee/c_limit,f_auto,h_630,q_90,w_630/v1513360267/production/designs/2182073_1.jpg",
    "name": "17th Saison",
    "organic": false,
    "style": "Saison",
  },
  Object {
    "id": "Yd8G8r",
    "image": "https://brewerydb-images.s3.amazonaws.com/beer/Yd8G8r/upload_tFSifO-medium.png",
    "name": "18th Anniversary Belgian Tripel",
    "organic": false,
    "style": "Belgian Tripel",
  },
  Object {
    "id": "iJ329Y",
    "image": "https://brewerydb-images.s3.amazonaws.com/beer/iJ329Y/upload_LBXagO-medium.png",
    "name": "19 - Golden Belgian Style Ale",
    "organic": false,
    "style": "BBL Aged Strong",
  },
  Object {
    "id": "O78ldO",
    "image": "https://res.cloudinary.com/teepublic/image/private/s--TsohP-Cw--/t_Resized%20Artwork/c_fit,g_north_west,h_954,w_954/co_191919,e_outline:48/co_191919,e_outline:inner_fill:48/co_ffffff,e_outline:48/co_ffffff,e_outline:inner_fill:48/co_bbbbbb,e_outline:3:1000/c_mpad,g_center,h_1260,w_1260/b_rgb:eeeeee/c_limit,f_auto,h_630,q_90,w_630/v1513360267/production/designs/2182073_1.jpg",
    "name": "1904 American Red Lager",
    "organic": false,
    "style": "American Lager",
  },
  Object {
    "id": "qGDeH1",
    "image": "https://brewerydb-images.s3.amazonaws.com/beer/qGDeH1/upload_yrbAAo-medium.png",
    "name": "2 x 4",
    "organic": false,
    "style": "Belgian Ale",
  },
  Object {
    "id": "MgdJep",
    "image": "https://brewerydb-images.s3.amazonaws.com/beer/MgdJep/upload_Z7FPX3-medium.png",
    "name": "200th Anniversary Export Stout",
    "organic": false,
    "style": "Export Stout",
  },
  Object {
    "id": "ISTT06",
    "image": "https://brewerydb-images.s3.amazonaws.com/beer/ISTT06/upload_uNRmiy-medium.png",
    "name": "2017 Beer Camp (2017)",
    "organic": false,
    "style": "American IPA",
  },
  Object {
    "id": "v4KRep",
    "image": "https://res.cloudinary.com/teepublic/image/private/s--TsohP-Cw--/t_Resized%20Artwork/c_fit,g_north_west,h_954,w_954/co_191919,e_outline:48/co_191919,e_outline:inner_fill:48/co_ffffff,e_outline:48/co_ffffff,e_outline:inner_fill:48/co_bbbbbb,e_outline:3:1000/c_mpad,g_center,h_1260,w_1260/b_rgb:eeeeee/c_limit,f_auto,h_630,q_90,w_630/v1513360267/production/designs/2182073_1.jpg",
    "name": "20th Anniversary Imperial Hash IPA on Brett",
    "organic": false,
    "style": "Imperial IPA",
  },
  Object {
    "id": "uIgENV",
    "image": "https://brewerydb-images.s3.amazonaws.com/beer/uIgENV/upload_Y3uGi9-medium.png",
    "name": "20th Street Ale Citra",
    "organic": false,
    "style": undefined,
  },
  Object {
    "id": "WcP2Ww",
    "image": "https://brewerydb-images.s3.amazonaws.com/beer/WcP2Ww/upload_fLddgs-medium.png",
    "name": "20th Street Ale Crystal",
    "organic": false,
    "style": undefined,
  },
  Object {
    "id": "HyxQE4",
    "image": "https://brewerydb-images.s3.amazonaws.com/beer/HyxQE4/upload_ZXeOiC-medium.png",
    "name": "20th Street Ale Magnum",
    "organic": false,
    "style": undefined,
  },
  Object {
    "id": "e9sjBk",
    "image": "https://res.cloudinary.com/teepublic/image/private/s--TsohP-Cw--/t_Resized%20Artwork/c_fit,g_north_west,h_954,w_954/co_191919,e_outline:48/co_191919,e_outline:inner_fill:48/co_ffffff,e_outline:48/co_ffffff,e_outline:inner_fill:48/co_bbbbbb,e_outline:3:1000/c_mpad,g_center,h_1260,w_1260/b_rgb:eeeeee/c_limit,f_auto,h_630,q_90,w_630/v1513360267/production/designs/2182073_1.jpg",
    "name": "21st Anniversary",
    "organic": false,
    "style": "Flanders Red",
  },
  Object {
    "id": "YZXVKq",
    "image": "https://res.cloudinary.com/teepublic/image/private/s--TsohP-Cw--/t_Resized%20Artwork/c_fit,g_north_west,h_954,w_954/co_191919,e_outline:48/co_191919,e_outline:inner_fill:48/co_ffffff,e_outline:48/co_ffffff,e_outline:inner_fill:48/co_bbbbbb,e_outline:3:1000/c_mpad,g_center,h_1260,w_1260/b_rgb:eeeeee/c_limit,f_auto,h_630,q_90,w_630/v1513360267/production/designs/2182073_1.jpg",
    "name": "25th Anniversary",
    "organic": false,
    "style": "American Imperial Porter",
  },
  Object {
    "id": "7z8RTq",
    "image": "https://res.cloudinary.com/teepublic/image/private/s--TsohP-Cw--/t_Resized%20Artwork/c_fit,g_north_west,h_954,w_954/co_191919,e_outline:48/co_191919,e_outline:inner_fill:48/co_ffffff,e_outline:48/co_ffffff,e_outline:inner_fill:48/co_bbbbbb,e_outline:3:1000/c_mpad,g_center,h_1260,w_1260/b_rgb:eeeeee/c_limit,f_auto,h_630,q_90,w_630/v1513360267/production/designs/2182073_1.jpg",
    "name": "3 Weight",
    "organic": false,
    "style": "Session IPA",
  },
  Object {
    "id": "f5CWb6",
    "image": "https://brewerydb-images.s3.amazonaws.com/beer/f5CWb6/upload_PSAyRK-medium.png",
    "name": "30th Anniversary - Charlie, Fred & Ken's Bock",
    "organic": false,
    "style": "Maibock",
  },
  Object {
    "id": "0KEzfx",
    "image": "https://brewerydb-images.s3.amazonaws.com/beer/0KEzfx/upload_9zYMPq-medium.png",
    "name": "30th Anniversary - Fritz and Ken's Ale",
    "organic": false,
    "style": "American Imperial Stout",
  },
  Object {
    "id": "KjumXn",
    "image": "https://res.cloudinary.com/teepublic/image/private/s--TsohP-Cw--/t_Resized%20Artwork/c_fit,g_north_west,h_954,w_954/co_191919,e_outline:48/co_191919,e_outline:inner_fill:48/co_ffffff,e_outline:48/co_ffffff,e_outline:inner_fill:48/co_bbbbbb,e_outline:3:1000/c_mpad,g_center,h_1260,w_1260/b_rgb:eeeeee/c_limit,f_auto,h_630,q_90,w_630/v1513360267/production/designs/2182073_1.jpg",
    "name": "30th Anniversary - Grand Cru",
    "organic": false,
    "style": "Strong Ale",
  },
  Object {
    "id": "8M5lCq",
    "image": "https://brewerydb-images.s3.amazonaws.com/beer/8M5lCq/upload_v5FHDf-medium.png",
    "name": "30th Anniversary - Jack & Ken's Ale",
    "organic": false,
    "style": "American Barleywine",
  },
  Object {
    "id": "ajbd6g",
    "image": "https://brewerydb-images.s3.amazonaws.com/beer/ajbd6g/upload_o0dl64-medium.png",
    "name": "35th Anniversary  - Brewer's Reserve",
    "organic": false,
    "style": "Strong Ale",
  },
  Object {
    "id": "NoNhan",
    "image": "https://brewerydb-images.s3.amazonaws.com/beer/NoNhan/upload_FgWgmB-medium.png",
    "name": "420 Extra Pale Ale",
    "organic": false,
    "style": "American Pale",
  },
  Object {
    "id": "pOUbfg",
    "image": "https://res.cloudinary.com/teepublic/image/private/s--TsohP-Cw--/t_Resized%20Artwork/c_fit,g_north_west,h_954,w_954/co_191919,e_outline:48/co_191919,e_outline:inner_fill:48/co_ffffff,e_outline:48/co_ffffff,e_outline:inner_fill:48/co_bbbbbb,e_outline:3:1000/c_mpad,g_center,h_1260,w_1260/b_rgb:eeeeee/c_limit,f_auto,h_630,q_90,w_630/v1513360267/production/designs/2182073_1.jpg",
    "name": "420 Fest",
    "organic": false,
    "style": "Imperial IPA",
  },
  Object {
    "id": "jIKwgZ",
    "image": "https://brewerydb-images.s3.amazonaws.com/beer/jIKwgZ/upload_fypFIo-medium.png",
    "name": "420 Strain G13 IPA",
    "organic": false,
    "style": "American IPA",
  },
  Object {
    "id": "lWygSS",
    "image": "https://brewerydb-images.s3.amazonaws.com/beer/lWygSS/upload_krkDHm-medium.png",
    "name": "471 Double IPA - Hull Melon",
    "organic": false,
    "style": "Imperial IPA",
  },
  Object {
    "id": "fa0oqf",
    "image": "https://res.cloudinary.com/teepublic/image/private/s--TsohP-Cw--/t_Resized%20Artwork/c_fit,g_north_west,h_954,w_954/co_191919,e_outline:48/co_191919,e_outline:inner_fill:48/co_ffffff,e_outline:48/co_ffffff,e_outline:inner_fill:48/co_bbbbbb,e_outline:3:1000/c_mpad,g_center,h_1260,w_1260/b_rgb:eeeeee/c_limit,f_auto,h_630,q_90,w_630/v1513360267/production/designs/2182073_1.jpg",
    "name": "471 ESB - Extra Special Bitter",
    "organic": false,
    "style": "ESB",
  },
  Object {
    "id": "HZMvCT",
    "image": "https://res.cloudinary.com/teepublic/image/private/s--TsohP-Cw--/t_Resized%20Artwork/c_fit,g_north_west,h_954,w_954/co_191919,e_outline:48/co_191919,e_outline:inner_fill:48/co_ffffff,e_outline:48/co_ffffff,e_outline:inner_fill:48/co_bbbbbb,e_outline:3:1000/c_mpad,g_center,h_1260,w_1260/b_rgb:eeeeee/c_limit,f_auto,h_630,q_90,w_630/v1513360267/production/designs/2182073_1.jpg",
    "name": "471 IPA Barrel Series: Citra",
    "organic": false,
    "style": "Imperial IPA",
  },
  Object {
    "id": "GysKeq",
    "image": "https://res.cloudinary.com/teepublic/image/private/s--TsohP-Cw--/t_Resized%20Artwork/c_fit,g_north_west,h_954,w_954/co_191919,e_outline:48/co_191919,e_outline:inner_fill:48/co_ffffff,e_outline:48/co_ffffff,e_outline:inner_fill:48/co_bbbbbb,e_outline:3:1000/c_mpad,g_center,h_1260,w_1260/b_rgb:eeeeee/c_limit,f_auto,h_630,q_90,w_630/v1513360267/production/designs/2182073_1.jpg",
    "name": "471 IPA Barrel Series: Eureka!",
    "organic": false,
    "style": "Imperial IPA",
  },
  Object {
    "id": "tw2Iw0",
    "image": "https://res.cloudinary.com/teepublic/image/private/s--TsohP-Cw--/t_Resized%20Artwork/c_fit,g_north_west,h_954,w_954/co_191919,e_outline:48/co_191919,e_outline:inner_fill:48/co_ffffff,e_outline:48/co_ffffff,e_outline:inner_fill:48/co_bbbbbb,e_outline:3:1000/c_mpad,g_center,h_1260,w_1260/b_rgb:eeeeee/c_limit,f_auto,h_630,q_90,w_630/v1513360267/production/designs/2182073_1.jpg",
    "name": "471 IPA. Aggressive Hoppiness",
    "organic": false,
    "style": "Imperial IPA",
  },
  Object {
    "id": "GYF0P4",
    "image": "https://res.cloudinary.com/teepublic/image/private/s--TsohP-Cw--/t_Resized%20Artwork/c_fit,g_north_west,h_954,w_954/co_191919,e_outline:48/co_191919,e_outline:inner_fill:48/co_ffffff,e_outline:48/co_ffffff,e_outline:inner_fill:48/co_bbbbbb,e_outline:3:1000/c_mpad,g_center,h_1260,w_1260/b_rgb:eeeeee/c_limit,f_auto,h_630,q_90,w_630/v1513360267/production/designs/2182073_1.jpg",
    "name": "471 Pilsner",
    "organic": false,
    "style": "American Pilsener",
  },
  Object {
    "id": "j9cp5e",
    "image": "https://brewerydb-images.s3.amazonaws.com/beer/j9cp5e/upload_YlBItH-medium.png",
    "name": "471 Small Batch IPA",
    "organic": false,
    "style": "American IPA",
  },
  Object {
    "id": "5MX880",
    "image": "https://res.cloudinary.com/teepublic/image/private/s--TsohP-Cw--/t_Resized%20Artwork/c_fit,g_north_west,h_954,w_954/co_191919,e_outline:48/co_191919,e_outline:inner_fill:48/co_ffffff,e_outline:48/co_ffffff,e_outline:inner_fill:48/co_bbbbbb,e_outline:3:1000/c_mpad,g_center,h_1260,w_1260/b_rgb:eeeeee/c_limit,f_auto,h_630,q_90,w_630/v1513360267/production/designs/2182073_1.jpg",
    "name": "5 C's IPA",
    "organic": false,
    "style": "American IPA",
  },
  Object {
    "id": "uA3MVL",
    "image": "https://res.cloudinary.com/teepublic/image/private/s--TsohP-Cw--/t_Resized%20Artwork/c_fit,g_north_west,h_954,w_954/co_191919,e_outline:48/co_191919,e_outline:inner_fill:48/co_ffffff,e_outline:48/co_ffffff,e_outline:inner_fill:48/co_bbbbbb,e_outline:3:1000/c_mpad,g_center,h_1260,w_1260/b_rgb:eeeeee/c_limit,f_auto,h_630,q_90,w_630/v1513360267/production/designs/2182073_1.jpg",
    "name": "7 Birds",
    "organic": true,
    "style": "American Pilsener",
  },
  Object {
    "id": "Fhw2NF",
    "image": "https://brewerydb-images.s3.amazonaws.com/beer/Fhw2NF/upload_4QscTY-medium.png",
    "name": "7 Cities Pilsner",
    "organic": true,
    "style": "American Pilsener",
  },
  Object {
    "id": "MqTIG4",
    "image": "https://brewerydb-images.s3.amazonaws.com/beer/MqTIG4/upload_0mNn6W-medium.png",
    "name": "72 Imperial",
    "organic": false,
    "style": "Stout",
  },
  Object {
    "id": "wDgaK8",
    "image": "https://res.cloudinary.com/teepublic/image/private/s--TsohP-Cw--/t_Resized%20Artwork/c_fit,g_north_west,h_954,w_954/co_191919,e_outline:48/co_191919,e_outline:inner_fill:48/co_ffffff,e_outline:48/co_ffffff,e_outline:inner_fill:48/co_bbbbbb,e_outline:3:1000/c_mpad,g_center,h_1260,w_1260/b_rgb:eeeeee/c_limit,f_auto,h_630,q_90,w_630/v1513360267/production/designs/2182073_1.jpg",
    "name": "A Beer Named Sue",
    "organic": false,
    "style": "Saison",
  },
  Object {
    "id": "Au0v9G",
    "image": "https://brewerydb-images.s3.amazonaws.com/beer/Au0v9G/upload_K1Zc5E-medium.png",
    "name": "A Little Sumpin' Extra",
    "organic": false,
    "style": "Imperial IPA",
  },
  Object {
    "id": "svXHfu",
    "image": "https://brewerydb-images.s3.amazonaws.com/beer/svXHfu/upload_i4Mwls-medium.png",
    "name": "A Little Sumpin' Sumpin'",
    "organic": false,
    "style": "American Pale",
  },
  Object {
    "id": "hbF6tu",
    "image": "https://brewerydb-images.s3.amazonaws.com/beer/hbF6tu/upload_KtTfDY-medium.png",
    "name": "ABLE Best Britter",
    "organic": false,
    "style": "Special Bitter",
  },
  Object {
    "id": "MTLa3r",
    "image": "https://res.cloudinary.com/teepublic/image/private/s--TsohP-Cw--/t_Resized%20Artwork/c_fit,g_north_west,h_954,w_954/co_191919,e_outline:48/co_191919,e_outline:inner_fill:48/co_ffffff,e_outline:48/co_ffffff,e_outline:inner_fill:48/co_bbbbbb,e_outline:3:1000/c_mpad,g_center,h_1260,w_1260/b_rgb:eeeeee/c_limit,f_auto,h_630,q_90,w_630/v1513360267/production/designs/2182073_1.jpg",
    "name": "Afternooner",
    "organic": false,
    "style": "Belgian Pale",
  },
  Object {
    "id": "6AcqY6",
    "image": "https://brewerydb-images.s3.amazonaws.com/beer/6AcqY6/upload_NDHDT6-medium.png",
    "name": "Agave Wheat",
    "organic": false,
    "style": "Wheat Ale",
  },
  Object {
    "id": "RK9Po6",
    "image": "https://brewerydb-images.s3.amazonaws.com/beer/RK9Po6/upload_wGYxyS-medium.png",
    "name": "Ale 20",
    "organic": false,
    "style": "American Pale",
  },
  Object {
    "id": "yn4ODI",
    "image": "https://res.cloudinary.com/teepublic/image/private/s--TsohP-Cw--/t_Resized%20Artwork/c_fit,g_north_west,h_954,w_954/co_191919,e_outline:48/co_191919,e_outline:inner_fill:48/co_ffffff,e_outline:48/co_ffffff,e_outline:inner_fill:48/co_bbbbbb,e_outline:3:1000/c_mpad,g_center,h_1260,w_1260/b_rgb:eeeeee/c_limit,f_auto,h_630,q_90,w_630/v1513360267/production/designs/2182073_1.jpg",
    "name": "Ale Communication",
    "organic": false,
    "style": "Imperial Red",
  },
  Object {
    "id": "2cLm8B",
    "image": "https://brewerydb-images.s3.amazonaws.com/beer/2cLm8B/upload_r59XGe-medium.png",
    "name": "All Colorado Apricot Wheat",
    "organic": false,
    "style": "Fruit Wheat Ale",
  },
  Object {
    "id": "DbeLZF",
    "image": "https://brewerydb-images.s3.amazonaws.com/beer/DbeLZF/upload_BuoLMV-medium.png",
    "name": "All Colorado Wet Hop Pale Ale",
    "organic": false,
    "style": "American Pale",
  },
  Object {
    "id": "aG4Ie2",
    "image": "https://brewerydb-images.s3.amazonaws.com/beer/aG4Ie2/upload_yX4wkY-medium.png",
    "name": "Alpha Dog Imperial IPA",
    "organic": false,
    "style": "Imperial IPA",
  },
]
`;
